Microchip MPLAB XC8 Compiler V2.32

Linker command line:

-W-3 --edf=C:\Program Files\Microchip\xc8\v2.32\pic\dat\en_msgs.txt -cn \
  -h+dist/default/production\hachiko_0Backup.X.production.sym \
  --cmf=dist/default/production\hachiko_0Backup.X.production.cmf -z \
  -Q18F4431 -oC:\Users\mathe\AppData\Local\Temp\xcAs36c.4 \
  --defsym=__MPLAB_BUILD=1 \
  -Mdist/default/production/hachiko_0Backup.X.production.map -E1 \
  -ver=XC8 Compiler --acfsm=1493 -ASTACK=060h-02FFh -pstack=STACK \
  -ACODE=00h-03FFFh -ACONST=00h-03FFFh -ASMALLCONST=0300h-03FFhx61 \
  -AMEDIUMCONST=0300h-03FFFh -ACOMRAM=01h-05Fh -AABS1=00h-02FFh \
  -ABIGRAM=01h-02FFh -ARAM=060h-0FFh,0100h-01FFhx2 -ABANK0=060h-0FFh \
  -ABANK1=0100h-01FFh -ABANK2=0200h-02FFh -ASFR=0F60h-0FFFh \
  -ACONFIG=0300000h-030000Dh -AIDLOC=0200000h-0200007h \
  -AEEDATA=0F00000h-0F000FFh -peeprom_data=EEDATA \
  -preset_vec=00h,intcode=08h,intcodelo,powerup,init -pramtop=0300h \
  -psmallconst=SMALLCONST -pmediumconst=MEDIUMCONST -pconst=CONST \
  -AFARRAM=00h-00h \
  -prdata=COMRAM,nvrram=COMRAM,nvbit=COMRAM,rbss=COMRAM,rbit=COMRAM \
  -pfarbss=FARRAM,fardata=FARRAM,nvFARRAM=FARRAM \
  -pintsave_regs=BIGRAM,bigbss=BIGRAM,bigdata=BIGRAM -pbss=RAM \
  -pidata=CODE,irdata=CODE,ibigdata=CODE,ifardata=CODE -prparam=COMRAM \
  C:\Users\mathe\AppData\Local\Temp\xcAs36c.o \
  dist/default/production\hachiko_0Backup.X.production.o 

Object code version is 3.11

Machine type is 18F4431



                Name                               Link     Load   Length Selector   Space Scale
C:\Users\mathe\AppData\Local\Temp\xcAs36c.o
                idloc                            200000   200000        8        0       5
                config                           300000   300000        E        0       4
                init                                296      296        4        4       0
                reset_vec                             0        0        4        0       0
dist/default/production\hachiko_0Backup.X.production.o
                intcode                               8        8      28E        4       0
                idloc                            200000   200000        8        0       5
                config                           300000   300000        E        0       4
                temp                                 22       22        1        1       1
                smallconst                          300      300       78      180       0
                text18                             2698     2698        8      1BC       0
                text17                             2606     2606       22      1BC       0
                text15                             25E4     25E4       22      1BC       0
                text14                             25BE     25BE       26      1BC       0
                text13                             2418     2418       DC      1BC       0
                text12                             1BE0     1BE0      40C      1BC       0
                text11                             217A     217A      158      1BC       0
                text10                             22D2     22D2      146      1BC       0
                text9                              267A     267A       10      1BC       0
                text8                              2656     2656       14      1BC       0
                text7                              2642     2642       14      1BC       0
                text6                              2628     2628       1A      1BC       0
                text5                              258A     258A       34      1BC       0
                text4                              268A     268A        E      1BC       0
                text3                              266A     266A       10      1BC       0
                text2                              24F4     24F4       60      1BC       0
                text1                              1FEC     1FEC      18E      1BC       0
                text0                               378      378     1868      1BC       0
                cstackCOMRAM                          1        1       17        1       1
                dataCOMRAM                           20       20        2        1       1
                bssCOMRAM                            18       18        8        1       1
                cinit                              2554     2554       36      1BC       0
                idataCOMRAM                        26A0     26A0        2      1BC       0

TOTAL           Name                               Link     Load   Length     Space
        CLASS   STACK          

        CLASS   CODE           
                intcode                               8        8      28E         0
                init                                296      296        4         0
                reset_vec                             0        0        4         0
                text18                             2698     2698        8         0
                text17                             2606     2606       22         0
                text15                             25E4     25E4       22         0
                text14                             25BE     25BE       26         0
                text13                             2418     2418       DC         0
                text12                             1BE0     1BE0      40C         0
                text11                             217A     217A      158         0
                text10                             22D2     22D2      146         0
                text9                              267A     267A       10         0
                text8                              2656     2656       14         0
                text7                              2642     2642       14         0
                text6                              2628     2628       1A         0
                text5                              258A     258A       34         0
                text4                              268A     268A        E         0
                text3                              266A     266A       10         0
                text2                              24F4     24F4       60         0
                text1                              1FEC     1FEC      18E         0
                text0                               378      378     1868         0
                cinit                              2554     2554       36         0
                idataCOMRAM                        26A0     26A0        2         0

        CLASS   CONST          

        CLASS   SMALLCONST     
                smallconst                          300      300       78         0

        CLASS   MEDIUMCONST    

        CLASS   COMRAM         
                temp                                 22       22        1         1
                cstackCOMRAM                          1        1       17         1
                dataCOMRAM                           20       20        2         1
                bssCOMRAM                            18       18        8         1

        CLASS   ABS1           

        CLASS   BIGRAM         

        CLASS   RAM            

        CLASS   BANK0          

        CLASS   BANK1          

        CLASS   BANK2          

        CLASS   SFR            

        CLASS   CONFIG         
                config                           300000   300000        E         4

        CLASS   IDLOC          
                idloc                            200000   200000        8         5

        CLASS   EEDATA         

        CLASS   FARRAM         



SEGMENTS        Name                           Load    Length   Top    Selector   Space  Class

                reset_vec                      000000  000004  000004         0       0  CODE    
                cstackCOMRAM                   000001  000022  000023         1       1  COMRAM  
                intcode                        000008  000292  00029A         4       0  CODE    
                smallconst                     000300  000078  000378       180       0  SMALLCON
                text0                          000378  00232A  0026A2       1BC       0  CODE    


UNUSED ADDRESS RANGES

        Name                Unused          Largest block    Delta
        BANK0            000060-0000FF               A0
        BANK1            000100-0001FF              100
        BANK2            000200-0002FF              100
        BIGRAM           000023-0002FF              2DD
        CODE             000004-000007                4
                         00029A-0002FF               66
                         0026A2-003FFF             195E
        COMRAM           000023-00005F               3D
        CONST            000004-000007                4
                         00029A-0002FF               66
                         0026A2-003FFF             195E
        EEDATA           F00000-F000FF              100
        MEDIUMCONST      0026A2-003FFF             195E
        RAM              000060-0002FF              100
        SFR              000F60-000FFF               A0
        SMALLCONST       0026A2-003FFF              100
        STACK            000060-0002FF              2A0

                                  Symbol Table

?___wmul                          cstackCOMRAM 000002
_ANSEL0                           (abs)        000FB8
_ANSEL1                           (abs)        000FB9
_DTCON                            (abs)        000F6D
_INTCONbits                       (abs)        000FF2
_ISR                              intcode      000008
_OVDCOND                          (abs)        000F6B
_OVDCONS                          (abs)        000F6A
_PDC0H                            (abs)        000F78
_PDC0L                            (abs)        000F79
_PDC1H                            (abs)        000F76
_PDC1L                            (abs)        000F77
_PDC2H                            (abs)        000F74
_PDC2L                            (abs)        000F75
_PDC3H                            (abs)        000F72
_PDC3L                            (abs)        000F73
_PIE1bits                         (abs)        000F9D
_PIR1bits                         (abs)        000F9E
_PORTAbits                        (abs)        000F80
_PORTB                            (abs)        000F81
_PORTBbits                        (abs)        000F81
_PORTCbits                        (abs)        000F82
_PORTD                            (abs)        000F83
_PORTDbits                        (abs)        000F83
_PSA                              (abs)        007EAB
_PTCON0                           (abs)        000F7F
_PTCON1                           (abs)        000F7E
_PTMRH                            (abs)        000F7C
_PTMRL                            (abs)        000F7D
_PTPERH                           (abs)        000F7A
_PTPERL                           (abs)        000F7B
_PWMCON0                          (abs)        000F6F
_PWMCON1                          (abs)        000F6E
_RCREG                            (abs)        000FAE
_RCSTAbits                        (abs)        000FAB
_RD16                             (abs)        007E6F
_SPBRG                            (abs)        000FAF
_T016BIT                          (abs)        007EAE
_T0CS                             (abs)        007EAD
_T0PS0                            (abs)        007EA8
_T1CKPS0                          (abs)        007E6C
_T1OSCEN                          (abs)        007E6B
_T1RUN                            (abs)        007E6E
_T1SYNC                           (abs)        007E6A
_TMR0H                            (abs)        000FD7
_TMR0IF                           (abs)        007F92
_TMR0L                            (abs)        000FD6
_TMR0ON                           (abs)        007EAF
_TMR1CS                           (abs)        007E69
_TMR1H                            (abs)        000FCF
_TMR1IF                           (abs)        007CF0
_TMR1L                            (abs)        000FCE
_TMR1ON                           (abs)        007E68
_TRISA                            (abs)        000F92
_TRISB                            (abs)        000F93
_TRISC                            (abs)        000F94
_TRISD                            (abs)        000F95
_TRISE                            (abs)        000F96
_TXREG                            (abs)        000FAD
_TXSTAbits                        (abs)        000FAC
__HRAM                            (abs)        000000
__Habs1                           abs1         000000
__Hbank0                          bank0        000000
__Hbank1                          bank1        000000
__Hbank2                          bank2        000000
__Hbigbss                         bigbss       000000
__Hbigdata                        bigdata      000000
__Hbigram                         bigram       000000
__Hbss                            bss          000000
__HbssCOMRAM                      bssCOMRAM    000000
__Hcinit                          cinit        000000
__Hclrtext                        clrtext      000000
__Hcomram                         comram       000000
__Hconfig                         config       30000E
__Hconst                          const        000000
__HcstackCOMRAM                   cstackCOMRAM 000000
__Hdata                           data         000000
__HdataCOMRAM                     dataCOMRAM   000000
__Heeprom_data                    eeprom_data  000000
__Hfarbss                         farbss       000000
__Hfardata                        fardata      000000
__Hibigdata                       ibigdata     000000
__Hidata                          idata        000000
__HidataCOMRAM                    idataCOMRAM  000000
__Hidloc                          idloc        200008
__Hifardata                       ifardata     000000
__Hinit                           init         00029A
__Hintcode                        intcode      000296
__Hintcode_body                   intcode_body 000000
__Hintcodelo                      intcodelo    000296
__Hintentry                       intentry     000000
__Hintret                         intret       000000
__Hintsave_regs                   intsave_regs 000000
__Hirdata                         irdata       000000
__Hmediumconst                    mediumconst  000000
__HnvFARRAM                       nvFARRAM     000000
__Hnvbit                          nvbit        000000
__Hnvrram                         nvrram       000000
__Hparam                          rparam       000000
__Hpowerup                        powerup      000296
__Hram                            ram          000000
__Hramtop                         ramtop       000300
__Hrbit                           rbit         000000
__Hrbss                           rbss         000000
__Hrdata                          rdata        000000
__Hreset_vec                      reset_vec    000004
__Hrparam                         rparam       000000
__Hsfr                            sfr          000000
__Hsmallconst                     smallconst   000378
__Hspace_0                        (abs)        0026A2
__Hspace_1                        (abs)        000023
__Hspace_2                        (abs)        000000
__Hspace_4                        (abs)        60000E
__Hstack                          stack        000000
__Hstruct                         struct       000000
__Htemp                           temp         000023
__Htext                           text         000000
__Htext0                          text0        000000
__Htext1                          text1        000000
__Htext10                         text10       000000
__Htext11                         text11       000000
__Htext12                         text12       000000
__Htext13                         text13       000000
__Htext14                         text14       000000
__Htext15                         text15       000000
__Htext17                         text17       000000
__Htext18                         text18       000000
__Htext2                          text2        000000
__Htext3                          text3        000000
__Htext4                          text4        000000
__Htext5                          text5        000000
__Htext6                          text6        000000
__Htext7                          text7        000000
__Htext8                          text8        000000
__Htext9                          text9        000000
__LRAM                            (abs)        000001
__Labs1                           abs1         000000
__Lbank0                          bank0        000000
__Lbank1                          bank1        000000
__Lbank2                          bank2        000000
__Lbigbss                         bigbss       000000
__Lbigdata                        bigdata      000000
__Lbigram                         bigram       000000
__Lbss                            bss          000000
__LbssCOMRAM                      bssCOMRAM    000000
__Lcinit                          cinit        000000
__Lclrtext                        clrtext      000000
__Lcomram                         comram       000000
__Lconfig                         config       000000
__Lconst                          const        000000
__LcstackCOMRAM                   cstackCOMRAM 000000
__Ldata                           data         000000
__LdataCOMRAM                     dataCOMRAM   000000
__Leeprom_data                    eeprom_data  000000
__Lfarbss                         farbss       000000
__Lfardata                        fardata      000000
__Libigdata                       ibigdata     000000
__Lidata                          idata        000000
__LidataCOMRAM                    idataCOMRAM  000000
__Lidloc                          idloc        000000
__Lifardata                       ifardata     000000
__Linit                           init         000296
__Lintcode                        intcode      000008
__Lintcode_body                   intcode_body 000000
__Lintcodelo                      intcodelo    000296
__Lintentry                       intentry     000000
__Lintret                         intret       000000
__Lintsave_regs                   intsave_regs 000000
__Lirdata                         irdata       000000
__Lmediumconst                    mediumconst  000000
__LnvFARRAM                       nvFARRAM     000000
__Lnvbit                          nvbit        000000
__Lnvrram                         nvrram       000000
__Lparam                          rparam       000000
__Lpowerup                        powerup      000296
__Lram                            ram          000000
__Lramtop                         ramtop       000300
__Lrbit                           rbit         000000
__Lrbss                           rbss         000000
__Lrdata                          rdata        000000
__Lreset_vec                      reset_vec    000000
__Lrparam                         rparam       000000
__Lsfr                            sfr          000000
__Lsmallconst                     smallconst   000300
__Lspace_0                        (abs)        000000
__Lspace_1                        (abs)        000000
__Lspace_2                        (abs)        000000
__Lspace_4                        (abs)        000000
__Lstack                          stack        000000
__Lstruct                         struct       000000
__Ltemp                           temp         000022
__Ltext                           text         000000
__Ltext0                          text0        000000
__Ltext1                          text1        000000
__Ltext10                         text10       000000
__Ltext11                         text11       000000
__Ltext12                         text12       000000
__Ltext13                         text13       000000
__Ltext14                         text14       000000
__Ltext15                         text15       000000
__Ltext17                         text17       000000
__Ltext18                         text18       000000
__Ltext2                          text2        000000
__Ltext3                          text3        000000
__Ltext4                          text4        000000
__Ltext5                          text5        000000
__Ltext6                          text6        000000
__Ltext7                          text7        000000
__Ltext8                          text8        000000
__Ltext9                          text9        000000
__S0                              (abs)        0026A2
__S1                              (abs)        000023
__S2                              (abs)        000000
__S4                              (abs)        000000
__S5                              (abs)        000000
___inthi_sp                       stack        000000
___intlo_sp                       stack        000000
___param_bank                     (abs)        000000
___rparam_used                    (abs)        000001
___sp                             stack        000000
___wmul                           text14       0025BE
___wmul@multiplicand              cstackCOMRAM 000004
___wmul@multiplier                cstackCOMRAM 000002
___wmul@product                   cstackCOMRAM 000006
__accesstop                       (abs)        000060
__activetblptr                    (abs)        000001
__end_of_ISR                      intcode      000296
__end_of___wmul                   text14       0025E4
__end_of__initialization          cinit        002578
__end_of_estrela                  text11       0022D2
__end_of_linha                    text10       002418
__end_of_main                     text0        001BE0
__end_of_moverMotor               text13       0024F4
__end_of_pararMotor               text15       002606
__end_of_picUSART                 text8        00266A
__end_of_readUSART                text18       0026A0
__end_of_setBT                    text7        002656
__end_of_setIO                    text6        002642
__end_of_setPWM                   text5        0025BE
__end_of_setTMR0                  text4        002698
__end_of_setTMR1                  text3        00267A
__end_of_stringUSART              text2        002554
__end_of_testBuff                 text9        00268A
__end_of_testarDistancia          text12       001FEC
__end_of_testarLinha              text1        00217A
__end_ofi2_pararMotor             text17       002628
__initialization                  cinit        002554
__mediumconst                     mediumconst  000000
__pbssCOMRAM                      bssCOMRAM    000018
__pcinit                          cinit        002554
__pcstackCOMRAM                   cstackCOMRAM 000001
__pdataCOMRAM                     dataCOMRAM   000020
__pidataCOMRAM                    idataCOMRAM  0026A0
__pintcode                        intcode      000008
__psmallconst                     smallconst   000300
__ptext0                          text0        000378
__ptext1                          text1        001FEC
__ptext10                         text10       0022D2
__ptext11                         text11       00217A
__ptext12                         text12       001BE0
__ptext13                         text13       002418
__ptext14                         text14       0025BE
__ptext15                         text15       0025E4
__ptext17                         text17       002606
__ptext18                         text18       002698
__ptext2                          text2        0024F4
__ptext3                          text3        00266A
__ptext4                          text4        00268A
__ptext5                          text5        00258A
__ptext6                          text6        002628
__ptext7                          text7        002642
__ptext8                          text8        002656
__ptext9                          text9        00267A
__ramtop                          ramtop       000300
__size_of_ISR                     (abs)        000000
__size_of___wmul                  (abs)        000000
__size_of_estrela                 (abs)        000000
__size_of_linha                   (abs)        000000
__size_of_main                    (abs)        000000
__size_of_moverMotor              (abs)        000000
__size_of_pararMotor              (abs)        000000
__size_of_picUSART                (abs)        000000
__size_of_readUSART               (abs)        000000
__size_of_setBT                   (abs)        000000
__size_of_setIO                   (abs)        000000
__size_of_setPWM                  (abs)        000000
__size_of_setTMR0                 (abs)        000000
__size_of_setTMR1                 (abs)        000000
__size_of_stringUSART             (abs)        000000
__size_of_testBuff                (abs)        000000
__size_of_testarDistancia         (abs)        000000
__size_of_testarLinha             (abs)        000000
__size_ofi2_pararMotor            (abs)        000000
__smallconst                      smallconst   000300
_acao                             bssCOMRAM    00001C
_estrela                          text11       00217A
_flag                             dataCOMRAM   000020
_ini                              bssCOMRAM    000018
_lado                             bssCOMRAM    00001F
_linha                            text10       0022D2
_main                             text0        000378
_moverMotor                       text13       002418
_pararMotor                       text15       0025E4
_picUSART                         text8        002656
_readUSART                        text18       002698
_sentido                          bssCOMRAM    00001E
_setBT                            text7        002642
_setIO                            text6        002628
_setPWM                           text5        00258A
_setTMR0                          text4        00268A
_setTMR1                          text3        00266A
_stringUSART                      text2        0024F4
_testBuff                         text9        00267A
_testarDistancia                  text12       001BE0
_testarLinha                      text1        001FEC
_velocidade                       bssCOMRAM    00001A
btemp                             temp         000022
end_of_initialization             cinit        002578
i2_pararMotor                     text17       002606
int$flags                         temp         000022
intlevel0                         text         000000
intlevel1                         text         000000
intlevel2                         text         000000
intlevel3                         text         000000
isa$std                           (abs)        000001
isa$xinst                         (abs)        000000
main@aux                          cstackCOMRAM 000016
main@cont                         cstackCOMRAM 000014
main@cont_tmr                     cstackCOMRAM 000012
main@cont_tmr_710                 cstackCOMRAM 000017
main@cont_zig                     cstackCOMRAM 000013
moverMotor@lado                   cstackCOMRAM 00000B
moverMotor@sentido                cstackCOMRAM 000008
moverMotor@velocidade             cstackCOMRAM 000009
picUSART@status                   cstackCOMRAM 000002
readUSART@ler                     cstackCOMRAM 000001
stackhi                           (abs)        0002FF
stacklo                           (abs)        000060
start                             init         000296
start_initialization              cinit        002554
stringUSART@frase                 cstackCOMRAM 000002
stringUSART@i                     cstackCOMRAM 000006
testarDistancia@velTestParaFrente cstackCOMRAM 00000C
ttemp5                            temp         000023
ttemp6                            temp         000026
ttemp7                            temp         00002A
wtemp8                            temp         000023


MODULE INFORMATION

Module		Function		Class		Link	Load	Size
./bt.h
		_readUSART     		CODE           	2698	0000	8
		_picUSART      		CODE           	2656	0000	20
		_testBuff      		CODE           	267A	0000	16
		_stringUSART   		CODE           	24F4	0000	96
		_setBT         		CODE           	2642	0000	20

./bt.h estimated size: 160

./config.h
		_setIO         		CODE           	2628	0000	26

./config.h estimated size: 26

C:\Program Files\Microchip\xc8\v2.32\pic\sources\c99\common\Umul16.c
		___wmul        		CODE           	25BE	0000	38

C:\Program Files\Microchip\xc8\v2.32\pic\sources\c99\common\Umul16.c estimated size: 38

shared
		i2_pararMotor  		CODE           	2606	0000	34
		__initialization		CODE           	2554	0000	36

shared estimated size: 70

./timer.h
		_setTMR0       		CODE           	268A	0000	14
		_setTMR1       		CODE           	266A	0000	16

./timer.h estimated size: 30

./pwm.h
		_setPWM        		CODE           	258A	0000	52

./pwm.h estimated size: 52

hachiko_0.c
		_pararMotor    		CODE           	25E4	0000	34
		_ISR           		CODE           	0008	0000	654
		_main          		CODE           	0378	0000	6248
		_testarLinha   		CODE           	1FEC	0000	398
		_testarDistancia		CODE           	1BE0	0000	1036
		_estrela       		CODE           	217A	0000	344
		_linha         		CODE           	22D2	0000	326
		_moverMotor    		CODE           	2418	0000	220

hachiko_0.c estimated size: 9260

